// Jest Snapshot v1, https://goo.gl/fbAQLP

exports[`should render without problems should render the calculator 1`] = `
<div
  className="sc-bdvvtL dUKpQw"
>
  <p>
    This is awesome quote that bright ur day 
  </p>
  <ul
    className="sc-gsDKAQ"
  >
    <li>
      Positive anything is better than negative nothing
    </li>
    <li>
      Miracles happen to those who believe in them 
    </li>
    <li>
      One small positive thought can change your whole day 
    </li>
    <li>
       Believe you can and you’re halfway there
    </li>
    <li>
       Write it on your heart that every day is the best day in the year.
    </li>
  </ul>
</div>
`;

exports[`should render without problems should render the quote page 1`] = `
<div
  className="sc-bdvvtL dUKpQw"
>
  <p>
    This is awesome quote that bright ur day 
  </p>
  <ul
    className="sc-gsDKAQ"
  >
    <li>
      Positive anything is better than negative nothing
    </li>
    <li>
      Miracles happen to those who believe in them 
    </li>
    <li>
      One small positive thought can change your whole day 
    </li>
    <li>
       Believe you can and you’re halfway there
    </li>
    <li>
       Write it on your heart that every day is the best day in the year.
    </li>
  </ul>
</div>
`;
